
> my-app@0.1.0 build
> next build --turbopack

   Ôû▓ Next.js 15.5.4 (Turbopack)
   - Environments: .env

   Creating an optimized production build ...
 Ô£ô Finished writing to disk in 112ms
 Ô£ô Compiled successfully in 2.6s
   Linting and checking validity of types ...
node.exe : 
No linha:1 caractere:1
+ & "C:\Program Files\nodejs/node.exe" "C:\Users\foxyg\AppData\Roaming\ ...
+ ~~~~~~~~~~~~~~~~~~~~~~~~~~~~~~~~~~~~~~~~~~~~~~~~~~~~~~~~~~~~~~~~~~~~~
    + CategoryInfo          : NotSpecified: (:String) [], RemoteException
    + FullyQualifiedErrorId : NativeCommandError
 
Failed to compile.

./src/app/api/respostas/estatisticas/route.ts
21:26  Error: Unexpected any. Specify a different type.  @typescript-eslint/no-explicit-any
40:29  Error: Unexpected any. Specify a different type.  @typescript-eslint/no-explicit-any
45:18  Error: Unexpected any. Specify a different type.  @typescript-eslint/no-explicit-any
51:18  Error: Unexpected any. Specify a different type.  @typescript-eslint/no-explicit-any
64:20  Error: Unexpected any. Specify a different type.  @typescript-eslint/no-explicit-any
114:17  Error: Unexpected any. Specify a different type.  @typescript-eslint/no-explicit-any
133:9  Warning: 'body' is assigned a value but never used.  @typescript-eslint/no-unused-vars

./src/app/api/turmas/[id]/alunos/route.ts
36:5  Warning: 'params' is defined but never used.  @typescript-eslint/no-unused-vars
42:9  Warning: 'body' is assigned a value but never used.  @typescript-eslint/no-unused-vars

./src/app/loginprofessor/page.tsx
10:10  Warning: 'nomeProfessor' is assigned a value but never used.  @typescript-eslint/no-unused-vars

./src/app/pginialuno/page.tsx
95:9  Warning: 'router' is assigned a value but never used.  @typescript-eslint/no-unused-vars
175:51  Error: Unexpected any. Specify a different type.  @typescript-eslint/no-explicit-any
176:34  Error: Unexpected any. Specify a different type.  @typescript-eslint/no-explicit-any
181:21  Error: Unexpected any. Specify a different type.  @typescript-eslint/no-explicit-any
217:16  Warning: 'err' is defined but never used.  @typescript-eslint/no-unused-vars
271:9  Warning: 'fecharModalDesempenho' is assigned a value but never used.  @typescript-eslint/no-unused-vars
305:39  Warning: 'e' is defined but never used.  @typescript-eslint/no-unused-vars
342:19  Error: Unexpected any. Specify a different type.  @typescript-eslint/no-explicit-any
386:15  Error: Unexpected any. Specify a different type.  @typescript-eslint/no-explicit-any
411:15  Error: Unexpected any. Specify a different type.  @typescript-eslint/no-explicit-any
461:11  Warning: Using `<img>` could result in slower LCP and higher bandwidth. Consider using `<Image />` from `next/image` or a custom image loader 
to automatically optimize images. This may incur additional usage or cost from your provider. See: https://nextjs.org/docs/messages/no-img-element  
@next/next/no-img-element
486:15  Warning: Using `<img>` could result in slower LCP and higher bandwidth. Consider using `<Image />` from `next/image` or a custom image loader 
to automatically optimize images. This may incur additional usage or cost from your provider. See: https://nextjs.org/docs/messages/no-img-element  
@next/next/no-img-element

./src/app/pginicialadm/page.tsx
16:6  Warning: 'Alt' is defined but never used.  @typescript-eslint/no-unused-vars
43:48  Error: Unexpected any. Specify a different type.  @typescript-eslint/no-explicit-any
75:17  Error: Unexpected any. Specify a different type.  @typescript-eslint/no-explicit-any
219:17  Error: Unexpected any. Specify a different type.  @typescript-eslint/no-explicit-any
281:42  Error: Unexpected any. Specify a different type.  @typescript-eslint/no-explicit-any
292:57  Error: Unexpected any. Specify a different type.  @typescript-eslint/no-explicit-any
353:20  Error: Unexpected any. Specify a different type.  @typescript-eslint/no-explicit-any
483:11  Warning: Using `<img>` could result in slower LCP and higher bandwidth. Consider using `<Image />` from `next/image` or a custom image loader 
to automatically optimize images. This may incur additional usage or cost from your provider. See: https://nextjs.org/docs/messages/no-img-element  
@next/next/no-img-element
520:15  Warning: Using `<img>` could result in slower LCP and higher bandwidth. Consider using `<Image />` from `next/image` or a custom image loader 
to automatically optimize images. This may incur additional usage or cost from your provider. See: https://nextjs.org/docs/messages/no-img-element  
@next/next/no-img-element
943:37  Error: Unexpected any. Specify a different type.  @typescript-eslint/no-explicit-any
968:47  Error: Unexpected any. Specify a different type.  @typescript-eslint/no-explicit-any

./src/app/pginicialprofessor/page.tsx
115:10  Warning: 'turmaSelecionadaParaAplicacao' is assigned a value but never used.  @typescript-eslint/no-unused-vars
117:10  Warning: 'confirmApplyModalOpen' is assigned a value but never used.  @typescript-eslint/no-unused-vars
166:6  Warning: React Hook useEffect has a missing dependency: 'fetchTurmas'. Either include it or remove the dependency array.  
react-hooks/exhaustive-deps
218:54  Error: Unexpected any. Specify a different type.  @typescript-eslint/no-explicit-any
326:12  Warning: 'mostrarDesempenho' is defined but never used.  @typescript-eslint/no-unused-vars
329:12  Warning: 'fecharModalDesempenho' is defined but never used.  @typescript-eslint/no-unused-vars
408:21  Error: Unexpected any. Specify a different type.  @typescript-eslint/no-explicit-any
456:12  Warning: 'openAtividadeArquivo' is defined but never used.  @typescript-eslint/no-unused-vars
503:36  Error: Unexpected any. Specify a different type.  @typescript-eslint/no-explicit-any
514:28  Error: Unexpected any. Specify a different type.  @typescript-eslint/no-explicit-any
547:31  Error: Unexpected any. Specify a different type.  @typescript-eslint/no-explicit-any
580:59  Error: Unexpected any. Specify a different type.  @typescript-eslint/no-explicit-any
581:33  Error: Unexpected any. Specify a different type.  @typescript-eslint/no-explicit-any
625:20  Error: Unexpected any. Specify a different type.  @typescript-eslint/no-explicit-any
664:14  Warning: 'err' is defined but never used.  @typescript-eslint/no-unused-vars
679:20  Error: Unexpected any. Specify a different type.  @typescript-eslint/no-explicit-any
732:22  Error: Unexpected any. Specify a different type.  @typescript-eslint/no-explicit-any
787:12  Warning: 'sairSistema' is defined but never used.  @typescript-eslint/no-unused-vars
1094:11  Warning: Using `<img>` could result in slower LCP and higher bandwidth. Consider using `<Image />` from `next/image` or a custom image loader 
to automatically optimize images. This may incur additional usage or cost from your provider. See: https://nextjs.org/docs/messages/no-img-element  
@next/next/no-img-element
1168:15  Warning: Using `<img>` could result in slower LCP and higher bandwidth. Consider using `<Image />` from `next/image` or a custom image loader 
to automatically optimize images. This may incur additional usage or cost from your provider. See: https://nextjs.org/docs/messages/no-img-element  
@next/next/no-img-element
1238:27  Error: `"` can be escaped with `&quot;`, `&ldquo;`, `&#34;`, `&rdquo;`.  react/no-unescaped-entities
1238:57  Error: `"` can be escaped with `&quot;`, `&ldquo;`, `&#34;`, `&rdquo;`.  react/no-unescaped-entities

./src/components/DesempenhoAlunos.tsx
44:36  Error: Unexpected any. Specify a different type.  @typescript-eslint/no-explicit-any
55:18  Error: Unexpected any. Specify a different type.  @typescript-eslint/no-explicit-any

./src/components/PluggedContagemMCQ.tsx
86:19  Error: Unexpected any. Specify a different type.  @typescript-eslint/no-explicit-any
141:19  Error: Unexpected any. Specify a different type.  @typescript-eslint/no-explicit-any

./src/pages/api/adm.ts
2:8  Warning: 'prisma' is defined but never used.  @typescript-eslint/no-unused-vars
16:9  Warning: 'email' is assigned a value but never used.  @typescript-eslint/no-unused-vars
17:9  Warning: 'senha' is assigned a value but never used.  @typescript-eslint/no-unused-vars

./src/pages/api/alunos/aluno.ts
18:11  Warning: 'body' is assigned a value but never used.  @typescript-eslint/no-unused-vars

./src/pages/api/alunos/loginaluno.ts
33:15  Error: Unexpected any. Specify a different type.  @typescript-eslint/no-explicit-any

./src/pages/api/aplicaratividade.ts
97:19  Error: Unexpected any. Specify a different type.  @typescript-eslint/no-explicit-any

./src/pages/api/atividade/[id].ts
41:25  Error: Unexpected any. Specify a different type.  @typescript-eslint/no-explicit-any
57:40  Error: Unexpected any. Specify a different type.  @typescript-eslint/no-explicit-any
90:15  Error: Unexpected any. Specify a different type.  @typescript-eslint/no-explicit-any

./src/pages/api/atividades/arquivo/[id].ts
2:8  Warning: 'prisma' is defined but never used.  @typescript-eslint/no-unused-vars
8:11  Warning: 'id' is assigned a value but never used.  @typescript-eslint/no-unused-vars

./src/pages/api/atividades/atividade-com-upload.ts
15:11  Warning: 'body' is assigned a value but never used.  @typescript-eslint/no-unused-vars

./src/pages/api/atividades/index.ts
28:19  Error: Unexpected any. Specify a different type.  @typescript-eslint/no-explicit-any
39:40  Error: Unexpected any. Specify a different type.  @typescript-eslint/no-explicit-any
39:45  Warning: 'i' is defined but never used.  @typescript-eslint/no-unused-vars
52:17  Error: Unexpected any. Specify a different type.  @typescript-eslint/no-explicit-any

./src/pages/api/atividades/turma/index.ts
65:17  Error: Unexpected any. Specify a different type.  @typescript-eslint/no-explicit-any

./src/pages/api/atividades/upload-arquivos-atividade.ts
11:28  Error: Unexpected any. Specify a different type.  @typescript-eslint/no-explicit-any
11:60  Error: Unexpected any. Specify a different type.  @typescript-eslint/no-explicit-any
13:27  Error: Unexpected any. Specify a different type.  @typescript-eslint/no-explicit-any
15:55  Error: Unexpected any. Specify a different type.  @typescript-eslint/no-explicit-any
46:9  Error: Unexpected any. Specify a different type.  @typescript-eslint/no-explicit-any
69:7  Error: Unexpected any. Specify a different type.  @typescript-eslint/no-explicit-any
75:27  Error: Unexpected any. Specify a different type.  @typescript-eslint/no-explicit-any
80:55  Error: Unexpected any. Specify a different type.  @typescript-eslint/no-explicit-any
98:20  Error: Unexpected any. Specify a different type.  @typescript-eslint/no-explicit-any
99:19  Error: Unexpected any. Specify a different type.  @typescript-eslint/no-explicit-any
150:23  Error: Unexpected any. Specify a different type.  @typescript-eslint/no-explicit-any
170:17  Error: Unexpected any. Specify a different type.  @typescript-eslint/no-explicit-any
186:11  Warning: 'body' is assigned a value but never used.  @typescript-eslint/no-unused-vars

./src/pages/api/atividades/upload-files.ts
14:11  Warning: 'body' is assigned a value but never used.  @typescript-eslint/no-unused-vars

./src/pages/api/atividades/[id]/attachments.ts
2:8  Warning: 'prisma' is defined but never used.  @typescript-eslint/no-unused-vars
21:11  Warning: 'body' is assigned a value but never used.  @typescript-eslint/no-unused-vars

./src/pages/api/atividades/[id].ts
18:19  Error: Unexpected any. Specify a different type.  @typescript-eslint/no-explicit-any
36:19  Error: Unexpected any. Specify a different type.  @typescript-eslint/no-explicit-any
66:19  Error: Unexpected any. Specify a different type.  @typescript-eslint/no-explicit-any

./src/pages/api/exemplo.ts
8:34  Error: Unexpected any. Specify a different type.  @typescript-eslint/no-explicit-any

./src/pages/api/loginadm.ts
13:9  Warning: 'body' is assigned a value but never used.  @typescript-eslint/no-unused-vars

./src/pages/api/professores/atividadesprofessor.ts
19:17  Error: Unexpected any. Specify a different type.  @typescript-eslint/no-explicit-any

./src/pages/api/professores/loginprofessor.ts
14:9  Warning: 'body' is assigned a value but never used.  @typescript-eslint/no-unused-vars

./src/pages/api/professores/professor.ts
5:34  Error: Unexpected any. Specify a different type.  @typescript-eslint/no-explicit-any
36:17  Error: Unexpected any. Specify a different type.  @typescript-eslint/no-explicit-any
53:17  Error: Unexpected any. Specify a different type.  @typescript-eslint/no-explicit-any
69:17  Error: Unexpected any. Specify a different type.  @typescript-eslint/no-explicit-any

./src/pages/api/professores/turmasprofessor.ts
23:15  Error: Unexpected any. Specify a different type.  @typescript-eslint/no-explicit-any

./src/pages/api/respostas/index.ts
17:11  Warning: 'body' is assigned a value but never used.  @typescript-eslint/no-unused-vars
20:19  Error: Unexpected any. Specify a different type.  @typescript-eslint/no-explicit-any

./src/pages/api/respostas/plugged.ts
65:36  Error: Unexpected any. Specify a different type.  @typescript-eslint/no-explicit-any
80:17  Error: Unexpected any. Specify a different type.  @typescript-eslint/no-explicit-any

./src/pages/api/respostas/submit.ts
34:17  Error: Unexpected any. Specify a different type.  @typescript-eslint/no-explicit-any

./src/pages/api/respostas/[id].ts
26:19  Error: Unexpected any. Specify a different type.  @typescript-eslint/no-explicit-any
38:27  Error: Unexpected any. Specify a different type.  @typescript-eslint/no-explicit-any
50:19  Error: Unexpected any. Specify a different type.  @typescript-eslint/no-explicit-any

./src/pages/api/turma.ts
43:21  Error: Unexpected any. Specify a different type.  @typescript-eslint/no-explicit-any
81:30  Error: Unexpected any. Specify a different type.  @typescript-eslint/no-explicit-any
124:17  Error: Unexpected any. Specify a different type.  @typescript-eslint/no-explicit-any
157:41  Error: Unexpected any. Specify a different type.  @typescript-eslint/no-explicit-any
200:21  Error: Unexpected any. Specify a different type.  @typescript-eslint/no-explicit-any

info  - Need to disable some ESLint rules? Learn more here: https://nextjs.org/docs/app/api-reference/config/eslint#disabling-rules
